// Jest Snapshot v1, https://goo.gl/fbAQLP

exports[`<Accordion /> renders empty when the sections prop is not supplied 1`] = `<ul />`;

exports[`<Accordion /> renders no section by default 1`] = `
<ul>
  <li
    key="0"
  >
    <button
      onClick={[Function]}
    >
      Section 1
    </button>
  </li>
  <li
    key="1"
  >
    <button
      onClick={[Function]}
    >
      Section 2
    </button>
  </li>
  <li
    key="2"
  >
    <button
      onClick={[Function]}
    >
      Section 3
    </button>
  </li>
</ul>
`;
